../SubGHz_Phy/App/subghz_phy_app.c:116:6:SubghzApp_Init	56	static
../SubGHz_Phy/App/subghz_phy_app.c:167:6:SubghzApp_Process	8	static
../SubGHz_Phy/App/subghz_phy_app.c:175:6:Radio_SendTelemetry_Packet	24	static
../SubGHz_Phy/App/subghz_phy_app.c:201:6:Radio_SendError_Packet	24	static
../SubGHz_Phy/App/subghz_phy_app.c:227:6:Radio_SendInfo_Packet	24	static
../SubGHz_Phy/App/subghz_phy_app.c:256:13:OnTxDone	4	static
../SubGHz_Phy/App/subghz_phy_app.c:263:13:OnRxDone	24	static
../SubGHz_Phy/App/subghz_phy_app.c:269:13:OnTxTimeout	4	static
../SubGHz_Phy/App/subghz_phy_app.c:275:13:OnRxTimeout	4	static
../SubGHz_Phy/App/subghz_phy_app.c:281:13:OnRxError	4	static
