../SubGHz_Phy/App/subghz_phy_app.c:127:6:SubghzApp_Init	56	static
../SubGHz_Phy/App/subghz_phy_app.c:158:16:BuildPacketHeader	24	static
../SubGHz_Phy/App/subghz_phy_app.c:181:16:BuildTelemetryPacket	24	static
../SubGHz_Phy/App/subghz_phy_app.c:208:6:Radio_SendTelemetry	48	static
../SubGHz_Phy/App/subghz_phy_app.c:242:16:CalculateChecksum	24	static
../SubGHz_Phy/App/subghz_phy_app.c:254:13:Pack16	16	static
../SubGHz_Phy/App/subghz_phy_app.c:260:13:Pack32	16	static
../SubGHz_Phy/App/subghz_phy_app.c:271:13:OnTxDone	8	static
../SubGHz_Phy/App/subghz_phy_app.c:280:13:OnRxDone	24	static
../SubGHz_Phy/App/subghz_phy_app.c:286:13:OnTxTimeout	4	static
../SubGHz_Phy/App/subghz_phy_app.c:292:13:OnRxTimeout	4	static
../SubGHz_Phy/App/subghz_phy_app.c:298:13:OnRxError	4	static
../SubGHz_Phy/App/subghz_phy_app.c:304:13:OnTxLedEvent	16	static
