../SubGHz_Phy/App/subghz_phy_app.c:126:6:SubghzApp_Init	56	static
../SubGHz_Phy/App/subghz_phy_app.c:169:6:SubghzApp_Process	8	static
../SubGHz_Phy/App/subghz_phy_app.c:175:16:BuildPacketHeader	24	static
../SubGHz_Phy/App/subghz_phy_app.c:198:16:BuildTelemetryPacket	24	static
../SubGHz_Phy/App/subghz_phy_app.c:225:6:Radio_SendTelemetry	56	static
../SubGHz_Phy/App/subghz_phy_app.c:266:16:CalculateChecksum	24	static
../SubGHz_Phy/App/subghz_phy_app.c:278:13:Pack16	16	static
../SubGHz_Phy/App/subghz_phy_app.c:284:13:Pack32	16	static
../SubGHz_Phy/App/subghz_phy_app.c:295:13:OnTxDone	8	static
../SubGHz_Phy/App/subghz_phy_app.c:303:13:OnRxDone	24	static
../SubGHz_Phy/App/subghz_phy_app.c:309:13:OnTxTimeout	4	static
../SubGHz_Phy/App/subghz_phy_app.c:315:13:OnRxTimeout	4	static
../SubGHz_Phy/App/subghz_phy_app.c:321:13:OnRxError	4	static
